../Core/Src/main.c:88:5:main	8	static
../Core/Src/main.c:142:6:SystemClock_Config	96	static
../Core/Src/main.c:203:13:MX_DFSDM1_Init	8	static
../Core/Src/main.c:241:13:MX_I2C2_Init	8	static
../Core/Src/main.c:289:13:MX_QUADSPI_Init	8	static
../Core/Src/main.c:322:13:MX_SPI3_Init	8	static
../Core/Src/main.c:362:13:MX_TIM2_Init	64	static
../Core/Src/main.c:421:13:MX_USART1_UART_Init	8	static
../Core/Src/main.c:456:13:MX_USART3_UART_Init	8	static
../Core/Src/main.c:491:13:MX_USB_OTG_FS_PCD_Init	8	static
../Core/Src/main.c:526:13:MX_GPIO_Init	48	static
../Core/Src/main.c:705:6:SetPulse	48	static
../Core/Src/main.c:718:6:Breathe	56	static
../Core/Src/main.c:735:6:Error_Handler	4	static,ignoring_inline_asm
