../Core/Src/main.c:124:5:main	8	static
../Core/Src/main.c:223:6:SystemClock_Config	96	static
../Core/Src/main.c:283:6:PeriphCommonClock_Config	144	static
../Core/Src/main.c:310:13:MX_ADC1_Init	48	static
../Core/Src/main.c:377:13:MX_DFSDM1_Init	8	static
../Core/Src/main.c:415:13:MX_I2C2_Init	8	static
../Core/Src/main.c:463:13:MX_QUADSPI_Init	8	static
../Core/Src/main.c:496:13:MX_SPI3_Init	8	static
../Core/Src/main.c:536:13:MX_TIM2_Init	40	static
../Core/Src/main.c:581:13:MX_USART1_UART_Init	8	static
../Core/Src/main.c:616:13:MX_USART3_UART_Init	8	static
../Core/Src/main.c:651:13:MX_USB_OTG_FS_PCD_Init	8	static
../Core/Src/main.c:684:13:MX_DMA_Init	16	static
../Core/Src/main.c:702:13:MX_GPIO_Init	56	static
../Core/Src/main.c:863:6:HAL_ADC_ConvCpltCallback	16	static
../Core/Src/main.c:880:6:StartDefaultTask	16	static
../Core/Src/main.c:919:6:StartTask02	16	static
../Core/Src/main.c:939:6:HAL_TIM_PeriodElapsedCallback	16	static
../Core/Src/main.c:956:6:Error_Handler	4	static,ignoring_inline_asm
