../Core/Src/main.c:113:5:main	8	static
../Core/Src/main.c:214:6:SystemClock_Config	96	static
../Core/Src/main.c:274:6:PeriphCommonClock_Config	144	static
../Core/Src/main.c:301:13:MX_ADC1_Init	48	static
../Core/Src/main.c:368:13:MX_DFSDM1_Init	8	static
../Core/Src/main.c:406:13:MX_I2C2_Init	8	static
../Core/Src/main.c:454:13:MX_QUADSPI_Init	8	static
../Core/Src/main.c:487:13:MX_SPI3_Init	8	static
../Core/Src/main.c:527:13:MX_TIM2_Init	40	static
../Core/Src/main.c:572:13:MX_USART1_UART_Init	8	static
../Core/Src/main.c:607:13:MX_USART3_UART_Init	8	static
../Core/Src/main.c:642:13:MX_USB_OTG_FS_PCD_Init	8	static
../Core/Src/main.c:675:13:MX_DMA_Init	16	static
../Core/Src/main.c:693:13:MX_GPIO_Init	56	static
../Core/Src/main.c:863:6:StartDefaultTask	24	static
../Core/Src/main.c:897:6:HAL_TIM_PeriodElapsedCallback	16	static
../Core/Src/main.c:914:6:Error_Handler	4	static,ignoring_inline_asm
