../Core/Src/stm32l4xx_it.c:74:6:NMI_Handler	4	static
../Core/Src/stm32l4xx_it.c:89:6:HardFault_Handler	4	static
../Core/Src/stm32l4xx_it.c:104:6:MemManage_Handler	4	static
../Core/Src/stm32l4xx_it.c:119:6:BusFault_Handler	4	static
../Core/Src/stm32l4xx_it.c:134:6:UsageFault_Handler	4	static
../Core/Src/stm32l4xx_it.c:149:6:DebugMon_Handler	4	static
../Core/Src/stm32l4xx_it.c:169:6:DMA1_Channel1_IRQHandler	8	static
../Core/Src/stm32l4xx_it.c:183:6:ADC1_2_IRQHandler	8	static
../Core/Src/stm32l4xx_it.c:197:6:EXTI9_5_IRQHandler	8	static
../Core/Src/stm32l4xx_it.c:214:6:TIM1_UP_TIM16_IRQHandler	8	static
../Core/Src/stm32l4xx_it.c:228:6:EXTI15_10_IRQHandler	8	static
../Core/Src/stm32l4xx_it.c:244:6:HAL_ADC_ConvHalfCpltCallback	16	static
../Core/Src/stm32l4xx_it.c:252:6:HAL_ADC_ConvCpltCallback	16	static
